
> nexuspro-portal@0.0.0 build
> vite build

[36mvite v6.4.1 [32mbuilding for production...[36m[39m
node.exe : 
No linha:1 caractere:1
+ & "C:\Program 
Files\nodejs/node.exe" 
"C:\Program 
Files\nodejs/node_mo ...
+ ~~~~~~~~~~~~~~~~~~~~~~~~~~
~~~~~~~~~~~~~~~~~~~~~~~~~~~~
~~~~~~~~~~~~~~~
    + CategoryInfo          
    : NotSpecified: (:Stri  
  ng) [], RemoteException
    + FullyQualifiedErrorId 
    : NativeCommandError
 
/index.css doesn't exist at 
build time, it will remain 
unchanged to be resolved at 
runtime
transforming...
[32mÔ£ô[39m 1765 modules transformed.
rendering chunks...
computing gzip size...
[2mdist/[22m[32mindex.html                [39m[1m[2m  3.69 kB[22m[1m[22m[2m Ôöé gzip:   1.25 kB[22m
[2mdist/[22m[36massets/index-gMkJDmNA.js  [39m[1m[2m483.15 kB[22m[1m[22m[2m Ôöé gzip: 132.45 kB[22m
[32mÔ£ô built in 3.48s[39m
